[INFO] Scanning for projects...
[INFO] 
[INFO] -----------------------< com.example:MysqlQuiz >------------------------
[INFO] Building MysqlQuiz 0.0.1-SNAPSHOT
[INFO]   from pom.xml
[INFO] --------------------------------[ jar ]---------------------------------
[INFO] 
[INFO] >>> spring-boot:3.5.5:run (default-cli) > test-compile @ MysqlQuiz >>>
[INFO] 
[INFO] --- resources:3.3.1:resources (default-resources) @ MysqlQuiz ---
[INFO] Copying 1 resource from src\main\resources to target\classes
[INFO] Copying 27 resources from src\main\resources to target\classes
[INFO] 
[INFO] --- compiler:3.14.0:compile (default-compile) @ MysqlQuiz ---
[INFO] Nothing to compile - all classes are up to date.
[INFO] 
[INFO] --- resources:3.3.1:testResources (default-testResources) @ MysqlQuiz ---
[INFO] skip non existing resourceDirectory E:\Development\Java\Java Projects\MysqlQuiz\src\test\resources
[INFO] 
[INFO] --- compiler:3.14.0:testCompile (default-testCompile) @ MysqlQuiz ---
[INFO] Nothing to compile - all classes are up to date.
[INFO] 
[INFO] <<< spring-boot:3.5.5:run (default-cli) < test-compile @ MysqlQuiz <<<
[INFO] 
[INFO] 
[INFO] --- spring-boot:3.5.5:run (default-cli) @ MysqlQuiz ---
[INFO] Attaching agents: []

  .   ____          _            __ _ _
 /\\ / ___'_ __ _ _(_)_ __  __ _ \ \ \ \
( ( )\___ | '_ | '_| | '_ \/ _` | \ \ \ \
 \\/  ___)| |_)| | | | | || (_| |  ) ) ) )
  '  |____| .__|_| |_|_| |_\__, | / / / /
 =========|_|==============|___/=/_/_/_/

 :: Spring Boot ::                (v3.5.5)

2026-01-22T15:21:17.636+08:00  INFO 13180 --- [MysqlQuiz] [           main] c.e.MysqlQuiz.MysqlQuizApplication       : Starting MysqlQuizApplication using Java 22.0.2 with PID 13180 (E:\Development\Java\Java Projects\MysqlQuiz\target\classes started by 86183 in E:\Development\Java\Java Projects\MysqlQuiz)
2026-01-22T15:21:17.636+08:00 DEBUG 13180 --- [MysqlQuiz] [           main] c.e.MysqlQuiz.MysqlQuizApplication       : Running with Spring Boot v3.5.5, Spring v6.2.10
2026-01-22T15:21:17.636+08:00  INFO 13180 --- [MysqlQuiz] [           main] c.e.MysqlQuiz.MysqlQuizApplication       : No active profile set, falling back to 1 default profile: "default"
2026-01-22T15:21:18.035+08:00  INFO 13180 --- [MysqlQuiz] [           main] .s.d.r.c.RepositoryConfigurationDelegate : Bootstrapping Spring Data JPA repositories in DEFAULT mode.
2026-01-22T15:21:18.067+08:00  INFO 13180 --- [MysqlQuiz] [           main] .s.d.r.c.RepositoryConfigurationDelegate : Finished Spring Data repository scanning in 37 ms. Found 6 JPA repository interfaces.
2026-01-22T15:21:18.399+08:00  INFO 13180 --- [MysqlQuiz] [           main] o.s.b.w.embedded.tomcat.TomcatWebServer  : Tomcat initialized with port 8080 (http)
2026-01-22T15:21:18.399+08:00  INFO 13180 --- [MysqlQuiz] [           main] o.apache.catalina.core.StandardService   : Starting service [Tomcat]
2026-01-22T15:21:18.399+08:00  INFO 13180 --- [MysqlQuiz] [           main] o.apache.catalina.core.StandardEngine    : Starting Servlet engine: [Apache Tomcat/10.1.44]
2026-01-22T15:21:18.436+08:00  INFO 13180 --- [MysqlQuiz] [           main] o.a.c.c.C.[Tomcat].[localhost].[/]       : Initializing Spring embedded WebApplicationContext
2026-01-22T15:21:18.436+08:00  INFO 13180 --- [MysqlQuiz] [           main] w.s.c.ServletWebServerApplicationContext : Root WebApplicationContext: initialization completed in 769 ms
2026-01-22T15:21:18.539+08:00  INFO 13180 --- [MysqlQuiz] [           main] o.hibernate.jpa.internal.util.LogHelper  : HHH000204: Processing PersistenceUnitInfo [name: default]
2026-01-22T15:21:18.569+08:00  INFO 13180 --- [MysqlQuiz] [           main] org.hibernate.Version                    : HHH000412: Hibernate ORM core version 6.6.26.Final
2026-01-22T15:21:18.585+08:00  INFO 13180 --- [MysqlQuiz] [           main] o.h.c.internal.RegionFactoryInitiator    : HHH000026: Second-level cache disabled
2026-01-22T15:21:18.761+08:00  INFO 13180 --- [MysqlQuiz] [           main] o.s.o.j.p.SpringPersistenceUnitInfo      : No LoadTimeWeaver setup: ignoring JPA class transformer
2026-01-22T15:21:18.778+08:00  INFO 13180 --- [MysqlQuiz] [           main] com.zaxxer.hikari.HikariDataSource       : HikariPool-1 - Starting...
2026-01-22T15:21:18.877+08:00  INFO 13180 --- [MysqlQuiz] [           main] com.zaxxer.hikari.pool.HikariPool        : HikariPool-1 - Added connection com.mysql.cj.jdbc.ConnectionImpl@2a5c6b76
2026-01-22T15:21:18.877+08:00  INFO 13180 --- [MysqlQuiz] [           main] com.zaxxer.hikari.HikariDataSource       : HikariPool-1 - Start completed.
2026-01-22T15:21:18.909+08:00  WARN 13180 --- [MysqlQuiz] [           main] org.hibernate.orm.deprecation            : HHH90000025: MySQLDialect does not need to be specified explicitly using 'hibernate.dialect' (remove the property setting and it will be selected by default)
2026-01-22T15:21:18.909+08:00  INFO 13180 --- [MysqlQuiz] [           main] org.hibernate.orm.connections.pooling    : HHH10001005: Database info:
	Database JDBC URL [Connecting through datasource 'HikariDataSource (HikariPool-1)']
	Database driver: undefined/unknown
	Database version: 8.0.41
	Autocommit mode: undefined/unknown
	Isolation level: undefined/unknown
	Minimum pool size: undefined/unknown
	Maximum pool size: undefined/unknown
2026-01-22T15:21:19.578+08:00  INFO 13180 --- [MysqlQuiz] [           main] o.h.e.t.j.p.i.JtaPlatformInitiator       : HHH000489: No JTA platform available (set 'hibernate.transaction.jta.platform' to enable JTA platform integration)
2026-01-22T15:21:19.636+08:00  INFO 13180 --- [MysqlQuiz] [           main] j.LocalContainerEntityManagerFactoryBean : Initialized JPA EntityManagerFactory for persistence unit 'default'
2026-01-22T15:21:19.828+08:00  INFO 13180 --- [MysqlQuiz] [           main] o.s.d.j.r.query.QueryEnhancerFactory     : Hibernate is in classpath; If applicable, HQL parser will be used.
2026-01-22T15:21:21.003+08:00  WARN 13180 --- [MysqlQuiz] [           main] JpaBaseConfiguration$JpaWebConfiguration : spring.jpa.open-in-view is enabled by default. Therefore, database queries may be performed during view rendering. Explicitly configure spring.jpa.open-in-view to disable this warning
2026-01-22T15:21:21.020+08:00  INFO 13180 --- [MysqlQuiz] [           main] o.s.b.a.w.s.WelcomePageHandlerMapping    : Adding welcome page template: index
2026-01-22T15:21:21.114+08:00  WARN 13180 --- [MysqlQuiz] [           main] r$InitializeUserDetailsManagerConfigurer : Global AuthenticationManager configured with an AuthenticationProvider bean. UserDetailsService beans will not be used by Spring Security for automatically configuring username/password login. Consider removing the AuthenticationProvider bean. Alternatively, consider using the UserDetailsService in a manually instantiated DaoAuthenticationProvider. If the current configuration is intentional, to turn off this warning, increase the logging level of 'org.springframework.security.config.annotation.authentication.configuration.InitializeUserDetailsBeanManagerConfigurer' to ERROR
2026-01-22T15:21:21.171+08:00 DEBUG 13180 --- [MysqlQuiz] [           main] o.s.s.web.DefaultSecurityFilterChain     : Will secure any request with filters: DisableEncodeUrlFilter, WebAsyncManagerIntegrationFilter, SecurityContextHolderFilter, HeaderWriterFilter, LogoutFilter, UsernamePasswordAuthenticationFilter, RequestCacheAwareFilter, SecurityContextHolderAwareRequestFilter, AnonymousAuthenticationFilter, ExceptionTranslationFilter, AuthorizationFilter
2026-01-22T15:21:21.284+08:00  WARN 13180 --- [MysqlQuiz] [           main] ConfigServletWebServerApplicationContext : Exception encountered during context initialization - cancelling refresh attempt: org.springframework.context.ApplicationContextException: Failed to start bean 'webServerStartStop'
2026-01-22T15:21:21.284+08:00  INFO 13180 --- [MysqlQuiz] [           main] j.LocalContainerEntityManagerFactoryBean : Closing JPA EntityManagerFactory for persistence unit 'default'
2026-01-22T15:21:21.284+08:00  INFO 13180 --- [MysqlQuiz] [           main] com.zaxxer.hikari.HikariDataSource       : HikariPool-1 - Shutdown initiated...
2026-01-22T15:21:21.284+08:00  INFO 13180 --- [MysqlQuiz] [           main] com.zaxxer.hikari.HikariDataSource       : HikariPool-1 - Shutdown completed.
2026-01-22T15:21:21.303+08:00  INFO 13180 --- [MysqlQuiz] [           main] .s.b.a.l.ConditionEvaluationReportLogger : 

Error starting ApplicationContext. To display the condition evaluation report re-run your application with 'debug' enabled.
2026-01-22T15:21:21.303+08:00 ERROR 13180 --- [MysqlQuiz] [           main] o.s.b.d.LoggingFailureAnalysisReporter   : 

***************************
APPLICATION FAILED TO START
***************************

Description:

Web server failed to start. Port 8080 was already in use.

Action:

Identify and stop the process that's listening on port 8080 or configure this application to listen on another port.

[INFO] ------------------------------------------------------------------------
[INFO] BUILD FAILURE
[INFO] ------------------------------------------------------------------------
[INFO] Total time:  6.016 s
[INFO] Finished at: 2026-01-22T15:21:21+08:00
[INFO] ------------------------------------------------------------------------
[ERROR] Failed to execute goal org.springframework.boot:spring-boot-maven-plugin:3.5.5:run (default-cli) on project MysqlQuiz: Process terminated with exit code: 1 -> [Help 1]
[ERROR] 
[ERROR] To see the full stack trace of the errors, re-run Maven with the -e switch.
[ERROR] Re-run Maven using the -X switch to enable full debug logging.
[ERROR] 
[ERROR] For more information about the errors and possible solutions, please read the following articles:
[ERROR] [Help 1] http://cwiki.apache.org/confluence/display/MAVEN/MojoExecutionException
